MPLINK 5.08, LINKER
Linker Map File - Created Mon Jan 29 13:07:45 2018

                                 Section Info
                  Section       Type    Address   Location Size(Bytes)
                ---------  ---------  ---------  ---------  ---------
                   .org_0       code   0x000000    program   0x000002
                   .cinit    romdata   0x000001    program   0x000004
                   .org_1       code   0x000004    program   0x0000aa
.config_2007_BUILD/DEFAULT/PRODUCTION/MAIN.O       code   0x002007    program   0x000002



                              Program Memory Usage 
                               Start         End      
                           ---------   ---------      
                            0x000000    0x000002      
                            0x000004    0x000058      
                            0x002007    0x002007      
            89 out of 2310 program addresses used, program memory utilization is 3%



                              Symbols - Sorted by Name
                     Name    Address   Location    Storage File                     
                ---------  ---------  ---------  --------- ---------                
           DRV_CHCK_STEP0   0x00001a    program     static C:\Data\OneDrive - Syddansk Erhvervsskole\Current\Electronics\ESC\ESC.X\driver.inc
           DRV_CHCK_STEP1   0x000020    program     static C:\Data\OneDrive - Syddansk Erhvervsskole\Current\Electronics\ESC\ESC.X\driver.inc
           DRV_CHCK_STEP2   0x000026    program     static C:\Data\OneDrive - Syddansk Erhvervsskole\Current\Electronics\ESC\ESC.X\driver.inc
           DRV_CHCK_STEP3   0x00002c    program     static C:\Data\OneDrive - Syddansk Erhvervsskole\Current\Electronics\ESC\ESC.X\driver.inc
           DRV_CHCK_STEP4   0x000032    program     static C:\Data\OneDrive - Syddansk Erhvervsskole\Current\Electronics\ESC\ESC.X\driver.inc
           DRV_CHCK_STEP5   0x000038    program     static C:\Data\OneDrive - Syddansk Erhvervsskole\Current\Electronics\ESC\ESC.X\driver.inc
                 DRV_INIT   0x000005    program     static C:\Data\OneDrive - Syddansk Erhvervsskole\Current\Electronics\ESC\ESC.X\driver.inc
            DRV_NEXT_STEP   0x000018    program     static C:\Data\OneDrive - Syddansk Erhvervsskole\Current\Electronics\ESC\ESC.X\driver.inc
      DRV_NEXT_STEP_APPLY   0x000039    program     static C:\Data\OneDrive - Syddansk Erhvervsskole\Current\Electronics\ESC\ESC.X\driver.inc
                DRV_START   0x000016    program     static C:\Data\OneDrive - Syddansk Erhvervsskole\Current\Electronics\ESC\ESC.X\driver.inc
                 DRV_STOP   0x000011    program     static C:\Data\OneDrive - Syddansk Erhvervsskole\Current\Electronics\ESC\ESC.X\driver.inc
                     INIT   0x000054    program     static C:\Data\OneDrive - Syddansk Erhvervsskole\Current\Electronics\ESC\ESC.X\main.asm
                      ISR   0x000050    program     static C:\Data\OneDrive - Syddansk Erhvervsskole\Current\Electronics\ESC\ESC.X\ISR.inc
                 ISR_INIT   0x00004e    program     static C:\Data\OneDrive - Syddansk Erhvervsskole\Current\Electronics\ESC\ESC.X\ISR.inc
                     LOOP   0x000058    program     static C:\Data\OneDrive - Syddansk Erhvervsskole\Current\Electronics\ESC\ESC.X\main.asm
                 TMR_INIT   0x000041    program     static C:\Data\OneDrive - Syddansk Erhvervsskole\Current\Electronics\ESC\ESC.X\timer.inc
                 TMR_TRIG   0x00004b    program     static C:\Data\OneDrive - Syddansk Erhvervsskole\Current\Electronics\ESC\ESC.X\timer.inc



                              Symbols - Sorted by Address
                     Name    Address   Location    Storage File                     
                ---------  ---------  ---------  --------- ---------                
                 DRV_INIT   0x000005    program     static C:\Data\OneDrive - Syddansk Erhvervsskole\Current\Electronics\ESC\ESC.X\driver.inc
                 DRV_STOP   0x000011    program     static C:\Data\OneDrive - Syddansk Erhvervsskole\Current\Electronics\ESC\ESC.X\driver.inc
                DRV_START   0x000016    program     static C:\Data\OneDrive - Syddansk Erhvervsskole\Current\Electronics\ESC\ESC.X\driver.inc
            DRV_NEXT_STEP   0x000018    program     static C:\Data\OneDrive - Syddansk Erhvervsskole\Current\Electronics\ESC\ESC.X\driver.inc
           DRV_CHCK_STEP0   0x00001a    program     static C:\Data\OneDrive - Syddansk Erhvervsskole\Current\Electronics\ESC\ESC.X\driver.inc
           DRV_CHCK_STEP1   0x000020    program     static C:\Data\OneDrive - Syddansk Erhvervsskole\Current\Electronics\ESC\ESC.X\driver.inc
           DRV_CHCK_STEP2   0x000026    program     static C:\Data\OneDrive - Syddansk Erhvervsskole\Current\Electronics\ESC\ESC.X\driver.inc
           DRV_CHCK_STEP3   0x00002c    program     static C:\Data\OneDrive - Syddansk Erhvervsskole\Current\Electronics\ESC\ESC.X\driver.inc
           DRV_CHCK_STEP4   0x000032    program     static C:\Data\OneDrive - Syddansk Erhvervsskole\Current\Electronics\ESC\ESC.X\driver.inc
           DRV_CHCK_STEP5   0x000038    program     static C:\Data\OneDrive - Syddansk Erhvervsskole\Current\Electronics\ESC\ESC.X\driver.inc
      DRV_NEXT_STEP_APPLY   0x000039    program     static C:\Data\OneDrive - Syddansk Erhvervsskole\Current\Electronics\ESC\ESC.X\driver.inc
                 TMR_INIT   0x000041    program     static C:\Data\OneDrive - Syddansk Erhvervsskole\Current\Electronics\ESC\ESC.X\timer.inc
                 TMR_TRIG   0x00004b    program     static C:\Data\OneDrive - Syddansk Erhvervsskole\Current\Electronics\ESC\ESC.X\timer.inc
                 ISR_INIT   0x00004e    program     static C:\Data\OneDrive - Syddansk Erhvervsskole\Current\Electronics\ESC\ESC.X\ISR.inc
                      ISR   0x000050    program     static C:\Data\OneDrive - Syddansk Erhvervsskole\Current\Electronics\ESC\ESC.X\ISR.inc
                     INIT   0x000054    program     static C:\Data\OneDrive - Syddansk Erhvervsskole\Current\Electronics\ESC\ESC.X\main.asm
                     LOOP   0x000058    program     static C:\Data\OneDrive - Syddansk Erhvervsskole\Current\Electronics\ESC\ESC.X\main.asm


