MPLINK 5.08, LINKER
Linker Map File - Created Fri Feb 09 13:22:12 2018

                                 Section Info
                  Section       Type    Address   Location Size(Bytes)
                ---------  ---------  ---------  ---------  ---------
                   .org_0       code   0x000000    program   0x000002
                   .cinit    romdata   0x000001    program   0x000004
                   .org_1       code   0x000004    program   0x000126
.config_2007_BUILD/DEFAULT/PRODUCTION/MAIN.O       code   0x002007    program   0x000002



                              Program Memory Usage 
                               Start         End      
                           ---------   ---------      
                            0x000000    0x000002      
                            0x000004    0x000096      
                            0x002007    0x002007      
            151 out of 2310 program addresses used, program memory utilization is 6%



                              Symbols - Sorted by Name
                     Name    Address   Location    Storage File                     
                ---------  ---------  ---------  --------- ---------                
           BEMF_CHCK_HIGH   0x000066    program     static C:\Data\OneDrive - Syddansk Erhvervsskole\Current\Electronics\ESC\ESC.X\BEMF.inc
            BEMF_CHCK_LOW   0x000061    program     static C:\Data\OneDrive - Syddansk Erhvervsskole\Current\Electronics\ESC\ESC.X\BEMF.inc
           BEMF_INCR_TRIG   0x000068    program     static C:\Data\OneDrive - Syddansk Erhvervsskole\Current\Electronics\ESC\ESC.X\BEMF.inc
                BEMF_INIT   0x000044    program     static C:\Data\OneDrive - Syddansk Erhvervsskole\Current\Electronics\ESC\ESC.X\BEMF.inc
                BEMF_NEXT   0x00006a    program     static C:\Data\OneDrive - Syddansk Erhvervsskole\Current\Electronics\ESC\ESC.X\BEMF.inc
                BEMF_TRIG   0x00005b    program     static C:\Data\OneDrive - Syddansk Erhvervsskole\Current\Electronics\ESC\ESC.X\BEMF.inc
            BEMF_TRIG_END   0x00006c    program     static C:\Data\OneDrive - Syddansk Erhvervsskole\Current\Electronics\ESC\ESC.X\BEMF.inc
       BEMF_UPDATE_INTPIN   0x00004d    program     static C:\Data\OneDrive - Syddansk Erhvervsskole\Current\Electronics\ESC\ESC.X\BEMF.inc
           DRV_CHCK_STEP0   0x000019    program     static C:\Data\OneDrive - Syddansk Erhvervsskole\Current\Electronics\ESC\ESC.X\driver.inc
           DRV_CHCK_STEP1   0x00001f    program     static C:\Data\OneDrive - Syddansk Erhvervsskole\Current\Electronics\ESC\ESC.X\driver.inc
           DRV_CHCK_STEP2   0x000025    program     static C:\Data\OneDrive - Syddansk Erhvervsskole\Current\Electronics\ESC\ESC.X\driver.inc
           DRV_CHCK_STEP3   0x00002b    program     static C:\Data\OneDrive - Syddansk Erhvervsskole\Current\Electronics\ESC\ESC.X\driver.inc
           DRV_CHCK_STEP4   0x000031    program     static C:\Data\OneDrive - Syddansk Erhvervsskole\Current\Electronics\ESC\ESC.X\driver.inc
           DRV_CHCK_STEP5   0x000037    program     static C:\Data\OneDrive - Syddansk Erhvervsskole\Current\Electronics\ESC\ESC.X\driver.inc
                 DRV_INIT   0x000005    program     static C:\Data\OneDrive - Syddansk Erhvervsskole\Current\Electronics\ESC\ESC.X\driver.inc
            DRV_LOAD_STEP   0x000019    program     static C:\Data\OneDrive - Syddansk Erhvervsskole\Current\Electronics\ESC\ESC.X\driver.inc
            DRV_NEXT_STEP   0x000039    program     static C:\Data\OneDrive - Syddansk Erhvervsskole\Current\Electronics\ESC\ESC.X\driver.inc
                DRV_START   0x000012    program     static C:\Data\OneDrive - Syddansk Erhvervsskole\Current\Electronics\ESC\ESC.X\driver.inc
                 DRV_STOP   0x000014    program     static C:\Data\OneDrive - Syddansk Erhvervsskole\Current\Electronics\ESC\ESC.X\driver.inc
                     INIT   0x000091    program     static C:\Data\OneDrive - Syddansk Erhvervsskole\Current\Electronics\ESC\ESC.X\main.asm
                      ISR   0x00008c    program     static C:\Data\OneDrive - Syddansk Erhvervsskole\Current\Electronics\ESC\ESC.X\ISR.inc
                 ISR_INIT   0x00008a    program     static C:\Data\OneDrive - Syddansk Erhvervsskole\Current\Electronics\ESC\ESC.X\ISR.inc
                     LOOP   0x000096    program     static C:\Data\OneDrive - Syddansk Erhvervsskole\Current\Electronics\ESC\ESC.X\main.asm
                 TMR_INIT   0x00006e    program     static C:\Data\OneDrive - Syddansk Erhvervsskole\Current\Electronics\ESC\ESC.X\timer.inc
                 TMR_TRIG   0x00007b    program     static C:\Data\OneDrive - Syddansk Erhvervsskole\Current\Electronics\ESC\ESC.X\timer.inc
             TMR_TRIG_END   0x000088    program     static C:\Data\OneDrive - Syddansk Erhvervsskole\Current\Electronics\ESC\ESC.X\timer.inc



                              Symbols - Sorted by Address
                     Name    Address   Location    Storage File                     
                ---------  ---------  ---------  --------- ---------                
                 DRV_INIT   0x000005    program     static C:\Data\OneDrive - Syddansk Erhvervsskole\Current\Electronics\ESC\ESC.X\driver.inc
                DRV_START   0x000012    program     static C:\Data\OneDrive - Syddansk Erhvervsskole\Current\Electronics\ESC\ESC.X\driver.inc
                 DRV_STOP   0x000014    program     static C:\Data\OneDrive - Syddansk Erhvervsskole\Current\Electronics\ESC\ESC.X\driver.inc
            DRV_LOAD_STEP   0x000019    program     static C:\Data\OneDrive - Syddansk Erhvervsskole\Current\Electronics\ESC\ESC.X\driver.inc
           DRV_CHCK_STEP0   0x000019    program     static C:\Data\OneDrive - Syddansk Erhvervsskole\Current\Electronics\ESC\ESC.X\driver.inc
           DRV_CHCK_STEP1   0x00001f    program     static C:\Data\OneDrive - Syddansk Erhvervsskole\Current\Electronics\ESC\ESC.X\driver.inc
           DRV_CHCK_STEP2   0x000025    program     static C:\Data\OneDrive - Syddansk Erhvervsskole\Current\Electronics\ESC\ESC.X\driver.inc
           DRV_CHCK_STEP3   0x00002b    program     static C:\Data\OneDrive - Syddansk Erhvervsskole\Current\Electronics\ESC\ESC.X\driver.inc
           DRV_CHCK_STEP4   0x000031    program     static C:\Data\OneDrive - Syddansk Erhvervsskole\Current\Electronics\ESC\ESC.X\driver.inc
           DRV_CHCK_STEP5   0x000037    program     static C:\Data\OneDrive - Syddansk Erhvervsskole\Current\Electronics\ESC\ESC.X\driver.inc
            DRV_NEXT_STEP   0x000039    program     static C:\Data\OneDrive - Syddansk Erhvervsskole\Current\Electronics\ESC\ESC.X\driver.inc
                BEMF_INIT   0x000044    program     static C:\Data\OneDrive - Syddansk Erhvervsskole\Current\Electronics\ESC\ESC.X\BEMF.inc
       BEMF_UPDATE_INTPIN   0x00004d    program     static C:\Data\OneDrive - Syddansk Erhvervsskole\Current\Electronics\ESC\ESC.X\BEMF.inc
                BEMF_TRIG   0x00005b    program     static C:\Data\OneDrive - Syddansk Erhvervsskole\Current\Electronics\ESC\ESC.X\BEMF.inc
            BEMF_CHCK_LOW   0x000061    program     static C:\Data\OneDrive - Syddansk Erhvervsskole\Current\Electronics\ESC\ESC.X\BEMF.inc
           BEMF_CHCK_HIGH   0x000066    program     static C:\Data\OneDrive - Syddansk Erhvervsskole\Current\Electronics\ESC\ESC.X\BEMF.inc
           BEMF_INCR_TRIG   0x000068    program     static C:\Data\OneDrive - Syddansk Erhvervsskole\Current\Electronics\ESC\ESC.X\BEMF.inc
                BEMF_NEXT   0x00006a    program     static C:\Data\OneDrive - Syddansk Erhvervsskole\Current\Electronics\ESC\ESC.X\BEMF.inc
            BEMF_TRIG_END   0x00006c    program     static C:\Data\OneDrive - Syddansk Erhvervsskole\Current\Electronics\ESC\ESC.X\BEMF.inc
                 TMR_INIT   0x00006e    program     static C:\Data\OneDrive - Syddansk Erhvervsskole\Current\Electronics\ESC\ESC.X\timer.inc
                 TMR_TRIG   0x00007b    program     static C:\Data\OneDrive - Syddansk Erhvervsskole\Current\Electronics\ESC\ESC.X\timer.inc
             TMR_TRIG_END   0x000088    program     static C:\Data\OneDrive - Syddansk Erhvervsskole\Current\Electronics\ESC\ESC.X\timer.inc
                 ISR_INIT   0x00008a    program     static C:\Data\OneDrive - Syddansk Erhvervsskole\Current\Electronics\ESC\ESC.X\ISR.inc
                      ISR   0x00008c    program     static C:\Data\OneDrive - Syddansk Erhvervsskole\Current\Electronics\ESC\ESC.X\ISR.inc
                     INIT   0x000091    program     static C:\Data\OneDrive - Syddansk Erhvervsskole\Current\Electronics\ESC\ESC.X\main.asm
                     LOOP   0x000096    program     static C:\Data\OneDrive - Syddansk Erhvervsskole\Current\Electronics\ESC\ESC.X\main.asm


